Failed password for invalid user bob from 192.168.1.50 port 55222 ssh2
Failed password for invalid user bob from 192.168.1.50 port 55222 ssh2
Failed password for root from 10.0.0.15 port 44321 ssh2
Accepted password for alice from 172.16.0.9 port 51234 ssh2
Failed password for invalid user admin from 203.0.113.5 port 60000 ssh2
Accepted publickey for jon from 192.168.1.100 port 50123 ssh2
Failed password for root from 10.0.0.15 port 44325 ssh2
Failed password for invalid user bob from 192.168.1.50 port 55222 ssh2
Failed password for root from 45.33.12.98 port 44321 ssh2
Accepted password for alice from 172.16.0.9 port 51234 ssh2
Failed password for invalid user admin from 203.0.113.5 port 60000 ssh2
Accepted publickey for jon from 192.168.1.100 port 50123 ssh2
Failed password for root from 185.220.101.45 port 44325 ssh2
Failed password for invalid user test from 198.51.100.23 port 60221 ssh2
Failed password for root from 104.244.42.129 port 44330 ssh2
Failed password for invalid user guest from 91.134.178.12 port 60111 ssh2
Failed password for root from 66.240.219.146 port 44335 ssh2
Failed password for invalid user oracle from 139.59.62.12 port 60333 ssh2
Failed password for root from 52.14.91.201 port 44340 ssh2
Accepted password for service from 10.0.0.5 port 51235 ssh2
Failed password for invalid user backup from 37.187.74.125 port 60444 ssh2
Failed password for root from 34.217.89.44 port 44345 ssh2
Failed password for invalid user deploy from 8.8.8.8 port 60200 ssh2
Failed password for root from 1.1.1.1 port 44400 ssh2
Failed password for invalid user monitor from 77.88.55.77 port 60150 ssh2
